[2025-05-28T17:37:53.532Z] info: Connected to MongoDB
[2025-05-28T17:37:53.534Z] info: Server started on port 8080. Press Ctrl-C to finish
[2025-05-28T17:42:29.042Z] info: Connected to MongoDB
[2025-05-28T17:42:29.043Z] info: Server started on port 8080. Press Ctrl-C to finish
[2025-05-28T17:42:37.360Z] http: ::1 - - [28/May/2025:17:42:37 +0000] "POST /student HTTP/1.1" 409 8 "-" "PostmanRuntime/7.44.0"

[2025-05-28T17:46:43.083Z] http: ::1 - - [28/May/2025:17:46:43 +0000] "POST /student HTTP/1.1" 400 37 "-" "PostmanRuntime/7.44.0"

[2025-05-28T17:50:01.639Z] info: Connected to MongoDB
[2025-05-28T17:50:01.641Z] info: Server started on port 8080. Press Ctrl-C to finish
[2025-05-28T17:50:08.620Z] http: ::1 - - [28/May/2025:17:50:08 +0000] "POST /student HTTP/1.1" 201 7 "-" "PostmanRuntime/7.44.0"

[2025-05-28T17:58:11.407Z] info: Connected to MongoDB
[2025-05-28T17:58:11.409Z] info: Server started on port 8080. Press Ctrl-C to finish
[2025-05-28T17:58:43.256Z] http: ::1 - - [28/May/2025:17:58:43 +0000] "GET /student/2000 HTTP/1.1" 200 71 "-" "PostmanRuntime/7.44.0"

[2025-05-28T18:00:56.874Z] info: Connected to MongoDB
[2025-05-28T18:00:56.875Z] info: Server started on port 8080. Press Ctrl-C to finish
[2025-05-28T18:01:11.488Z] http: ::1 - - [28/May/2025:18:01:11 +0000] "POST /student HTTP/1.1" 409 8 "-" "PostmanRuntime/7.44.0"

[2025-05-28T18:02:30.613Z] http: ::1 - - [28/May/2025:18:02:30 +0000] "POST /student HTTP/1.1" 201 7 "-" "PostmanRuntime/7.44.0"

[2025-05-28T18:02:45.767Z] warn: Student 3000 : [object Map]
[2025-05-28T18:02:45.769Z] http: ::1 - - [28/May/2025:18:02:45 +0000] "GET /student/3000 HTTP/1.1" 200 70 "-" "PostmanRuntime/7.44.0"

[2025-05-28T18:05:15.535Z] info: Connected to MongoDB
[2025-05-28T18:05:15.537Z] info: Server started on port 8080. Press Ctrl-C to finish
[2025-05-28T18:05:24.957Z] http: ::1 - - [28/May/2025:18:05:24 +0000] "POST /student HTTP/1.1" 201 7 "-" "PostmanRuntime/7.44.0"

[2025-05-28T18:05:34.690Z] http: ::1 - - [28/May/2025:18:05:34 +0000] "GET /student/4000 HTTP/1.1" 200 78 "-" "PostmanRuntime/7.44.0"

[2025-05-28T18:08:12.223Z] http: ::1 - - [28/May/2025:18:08:12 +0000] "POST /score/student/2000 HTTP/1.1" 404 9 "-" "PostmanRuntime/7.44.0"

[2025-05-28T18:08:25.202Z] http: ::1 - - [28/May/2025:18:08:25 +0000] "PATCH /score/student/2000 HTTP/1.1" 204 - "-" "PostmanRuntime/7.44.0"

[2025-05-28T18:08:39.271Z] http: ::1 - - [28/May/2025:18:08:39 +0000] "PATCH /score/student/2000 HTTP/1.1" 204 - "-" "PostmanRuntime/7.44.0"

[2025-05-28T18:08:53.157Z] http: ::1 - - [28/May/2025:18:08:53 +0000] "PATCH /score/student/2000 HTTP/1.1" 204 - "-" "PostmanRuntime/7.44.0"

[2025-05-28T18:09:05.340Z] http: ::1 - - [28/May/2025:18:09:05 +0000] "GET /student/2000 HTTP/1.1" 200 100 "-" "PostmanRuntime/7.44.0"

[2025-05-28T18:15:20.406Z] info: Connected to MongoDB
[2025-05-28T18:15:20.407Z] info: Server started on port 8080. Press Ctrl-C to finish
[2025-05-28T18:15:24.367Z] info: Connected to MongoDB
[2025-05-28T18:15:24.369Z] info: Server started on port 8080. Press Ctrl-C to finish
[2025-05-28T18:30:46.252Z] info: Connected to MongoDB
[2025-05-28T18:30:46.254Z] info: Server started on port 8080. Press Ctrl-C to finish
[2025-05-28T18:30:52.663Z] http: ::1 - - [28/May/2025:18:30:52 +0000] "POST /student HTTP/1.1" 201 7 "-" "PostmanRuntime/7.44.0"

[2025-05-28T18:33:16.175Z] info: Connected to MongoDB
[2025-05-28T18:33:16.177Z] info: Server started on port 8080. Press Ctrl-C to finish
[2025-05-28T18:33:24.544Z] http: ::1 - - [28/May/2025:18:33:24 +0000] "POST /student HTTP/1.1" 201 7 "-" "PostmanRuntime/7.44.0"

[2025-05-28T18:34:47.397Z] http: ::1 - - [28/May/2025:18:34:47 +0000] "GET /student/2000 HTTP/1.1" 404 9 "-" "PostmanRuntime/7.44.0"

[2025-05-28T18:34:54.415Z] http: ::1 - - [28/May/2025:18:34:54 +0000] "POST /student HTTP/1.1" 201 7 "-" "PostmanRuntime/7.44.0"

[2025-05-28T18:35:07.369Z] http: ::1 - - [28/May/2025:18:35:07 +0000] "GET /student/9000 HTTP/1.1" 200 95 "-" "PostmanRuntime/7.44.0"

[2025-05-28T18:39:11.674Z] info: Connected to MongoDB
[2025-05-28T18:39:11.676Z] info: Server started on port 8080. Press Ctrl-C to finish
[2025-05-28T18:40:58.398Z] http: ::1 - - [28/May/2025:18:40:58 +0000] "PATCH /9000 HTTP/1.1" 404 9 "-" "PostmanRuntime/7.44.0"

[2025-05-28T18:41:19.692Z] http: ::1 - - [28/May/2025:18:41:19 +0000] "PATCH /student/:id HTTP/1.1" 400 41 "-" "PostmanRuntime/7.44.0"

[2025-05-28T18:41:29.964Z] http: ::1 - - [28/May/2025:18:41:29 +0000] "PATCH /student/:id HTTP/1.1" 500 1752 "-" "PostmanRuntime/7.44.0"

[2025-05-28T18:48:45.694Z] info: Connected to MongoDB
[2025-05-28T18:48:45.696Z] info: Server started on port 8080. Press Ctrl-C to finish
[2025-05-28T18:48:51.617Z] http: ::1 - - [28/May/2025:18:48:51 +0000] "PATCH /student/:id HTTP/1.1" 500 1752 "-" "PostmanRuntime/7.44.0"

[2025-05-28T18:49:32.574Z] info: Connected to MongoDB
[2025-05-28T18:49:32.576Z] info: Server started on port 8080. Press Ctrl-C to finish
[2025-05-28T18:50:51.589Z] info: Connected to MongoDB
[2025-05-28T18:50:51.590Z] info: Server started on port 8080. Press Ctrl-C to finish
[2025-05-28T18:50:52.234Z] http: ::1 - - [28/May/2025:18:50:52 +0000] "PATCH /student/:id HTTP/1.1" 500 1752 "-" "PostmanRuntime/7.44.0"

[2025-05-28T18:51:02.917Z] info: Connected to MongoDB
[2025-05-28T18:51:02.918Z] info: Server started on port 8080. Press Ctrl-C to finish
[2025-05-28T18:51:09.111Z] http: ::1 - - [28/May/2025:18:51:09 +0000] "PATCH /student/:id HTTP/1.1" 500 1752 "-" "PostmanRuntime/7.44.0"

[2025-05-28T18:51:29.617Z] warn: Student 9000 : undefined
[2025-05-28T18:51:29.618Z] http: ::1 - - [28/May/2025:18:51:29 +0000] "PATCH /student/9000 HTTP/1.1" 200 76 "-" "PostmanRuntime/7.44.0"

[2025-05-28T18:51:45.609Z] info: Connected to MongoDB
[2025-05-28T18:51:45.610Z] info: Server started on port 8080. Press Ctrl-C to finish
[2025-05-28T18:51:45.776Z] warn: Student 9000 : undefined
[2025-05-28T18:51:45.777Z] http: ::1 - - [28/May/2025:18:51:45 +0000] "PATCH /student/9000 HTTP/1.1" 200 132 "-" "PostmanRuntime/7.44.0"

[2025-05-28T18:55:48.015Z] info: Connected to MongoDB
[2025-05-28T18:55:48.016Z] info: Server started on port 8080. Press Ctrl-C to finish
[2025-06-01T10:59:54.903Z] info: Connected to MongoDB
[2025-06-01T10:59:54.905Z] info: Server started on port 8080. Press Ctrl-C to finish
[2025-06-01T11:00:19.124Z] http: ::1 - - [01/Jun/2025:11:00:19 +0000] "POST /student HTTP/1.1" 409 8 "-" "PostmanRuntime/7.44.0"

[2025-06-01T11:02:26.301Z] http: ::1 - - [01/Jun/2025:11:02:26 +0000] "GET /student/9000 HTTP/1.1" - - "-" "PostmanRuntime/7.44.0"

[2025-06-01T11:02:54.313Z] http: ::1 - - [01/Jun/2025:11:02:54 +0000] "GET /student/9000 HTTP/1.1" - - "-" "PostmanRuntime/7.44.0"

[2025-06-01T11:03:15.959Z] info: Connected to MongoDB
[2025-06-01T11:03:15.960Z] info: Server started on port 8080. Press Ctrl-C to finish
[2025-06-01T11:03:54.434Z] http: ::1 - - [01/Jun/2025:11:03:54 +0000] "GET /student/9000 HTTP/1.1" - - "-" "PostmanRuntime/7.44.0"

[2025-06-01T11:04:03.607Z] info: Connected to MongoDB
[2025-06-01T11:04:03.608Z] info: Server started on port 8080. Press Ctrl-C to finish
[2025-06-01T11:04:17.508Z] http: ::1 - - [01/Jun/2025:11:04:17 +0000] "POST /student HTTP/1.1" 409 8 "-" "PostmanRuntime/7.44.0"

[2025-06-01T11:06:09.326Z] info: Connected to MongoDB
[2025-06-01T11:06:09.328Z] info: Server started on port 8080. Press Ctrl-C to finish
[2025-06-01T11:06:20.566Z] http: ::1 - - [01/Jun/2025:11:06:20 +0000] "GET /student/9000 HTTP/1.1" 200 95 "-" "PostmanRuntime/7.44.0"

[2025-06-01T11:07:36.777Z] info: Connected to MongoDB
[2025-06-01T11:07:36.779Z] info: Server started on port 8080. Press Ctrl-C to finish
[2025-06-01T11:07:55.837Z] http: ::1 - - [01/Jun/2025:11:07:55 +0000] "GET /student/9000 HTTP/1.1" 200 95 "-" "PostmanRuntime/7.44.0"

[2025-06-01T11:09:27.995Z] info: Connected to MongoDB
[2025-06-01T11:09:27.997Z] info: Server started on port 8080. Press Ctrl-C to finish
[2025-06-01T11:09:32.075Z] http: ::1 - - [01/Jun/2025:11:09:32 +0000] "GET /student/9000 HTTP/1.1" 200 95 "-" "PostmanRuntime/7.44.0"

[2025-06-01T11:09:53.075Z] http: ::1 - - [01/Jun/2025:11:09:53 +0000] "PATCH /student/9000 HTTP/1.1" - - "-" "PostmanRuntime/7.44.0"

[2025-06-01T11:11:35.991Z] info: Connected to MongoDB
[2025-06-01T11:11:35.993Z] info: Server started on port 8080. Press Ctrl-C to finish
[2025-06-01T11:11:41.616Z] http: ::1 - - [01/Jun/2025:11:11:41 +0000] "PATCH /student/9000 HTTP/1.1" 200 95 "-" "PostmanRuntime/7.44.0"

[2025-06-01T11:13:28.314Z] info: Connected to MongoDB
[2025-06-01T11:13:28.315Z] info: Server started on port 8080. Press Ctrl-C to finish
[2025-06-01T11:16:43.677Z] http: ::1 - - [01/Jun/2025:11:16:43 +0000] "PATCH /student/9000 HTTP/1.1" 200 82 "-" "PostmanRuntime/7.44.0"

[2025-06-01T11:21:27.682Z] info: Connected to MongoDB
[2025-06-01T11:21:27.683Z] info: Server started on port 8080. Press Ctrl-C to finish
[2025-06-01T11:27:04.968Z] http: ::1 - - [01/Jun/2025:11:27:04 +0000] "GET /student/9000 HTTP/1.1" 200 156 "-" "PostmanRuntime/7.44.0"

[2025-06-01T11:27:45.334Z] info: Connected to MongoDB
[2025-06-01T11:27:45.335Z] info: Server started on port 8080. Press Ctrl-C to finish
[2025-06-01T11:33:08.644Z] http: ::1 - - [01/Jun/2025:11:33:08 +0000] "POST /student HTTP/1.1" 201 7 "-" "PostmanRuntime/7.44.0"

[2025-06-01T11:33:42.479Z] http: ::1 - - [01/Jun/2025:11:33:42 +0000] "PATCH /student/9000 HTTP/1.1" 404 9 "-" "PostmanRuntime/7.44.0"

[2025-06-01T11:34:11.716Z] http: ::1 - - [01/Jun/2025:11:34:11 +0000] "PATCH /student/1000 HTTP/1.1" 200 82 "-" "PostmanRuntime/7.44.0"

[2025-06-01T11:41:45.843Z] info: Connected to MongoDB
[2025-06-01T11:41:45.845Z] info: Server started on port 8080. Press Ctrl-C to finish
[2025-06-01T11:42:06.570Z] http: ::1 - - [01/Jun/2025:11:42:06 +0000] "GET /student/1000 HTTP/1.1" 200 156 "-" "PostmanRuntime/7.44.0"

[2025-06-01T11:42:19.025Z] info: Connected to MongoDB
[2025-06-01T11:42:19.026Z] info: Server started on port 8080. Press Ctrl-C to finish
[2025-06-01T11:42:20.605Z] http: ::1 - - [01/Jun/2025:11:42:20 +0000] "GET /student/1000 HTTP/1.1" 200 82 "-" "PostmanRuntime/7.44.0"

[2025-06-01T11:52:38.784Z] info: Connected to MongoDB
[2025-06-01T11:52:38.785Z] info: Server started on port 8080. Press Ctrl-C to finish
[2025-06-01T11:52:45.268Z] http: ::1 - - [01/Jun/2025:11:52:45 +0000] "GET /student/1000 HTTP/1.1" 200 82 "-" "PostmanRuntime/7.44.0"

[2025-06-01T11:54:18.920Z] info: Connected to MongoDB
[2025-06-01T11:54:18.921Z] info: Server started on port 8080. Press Ctrl-C to finish
[2025-06-01T11:55:09.316Z] info: Connected to MongoDB
[2025-06-01T11:55:09.318Z] info: Server started on port 8080. Press Ctrl-C to finish
[2025-06-01T11:55:14.102Z] http: ::1 - - [01/Jun/2025:11:55:14 +0000] "GET /student/1000 HTTP/1.1" 200 82 "-" "PostmanRuntime/7.44.0"

[2025-06-01T11:56:42.062Z] info: Connected to MongoDB
[2025-06-01T11:56:42.064Z] info: Server started on port 8080. Press Ctrl-C to finish
[2025-06-01T11:56:44.326Z] http: ::1 - - [01/Jun/2025:11:56:44 +0000] "GET /student/1000 HTTP/1.1" 200 82 "-" "PostmanRuntime/7.44.0"

[2025-06-01T12:02:59.132Z] info: Connected to MongoDB
[2025-06-01T12:02:59.134Z] info: Server started on port 8080. Press Ctrl-C to finish
[2025-06-01T12:03:15.387Z] http: ::1 - - [01/Jun/2025:12:03:15 +0000] "POST /student HTTP/1.1" 201 7 "-" "PostmanRuntime/7.44.0"

[2025-06-01T12:09:32.695Z] http: ::1 - - [01/Jun/2025:12:09:32 +0000] "POST /student HTTP/1.1" 201 7 "-" "PostmanRuntime/7.44.0"

[2025-06-03T20:24:13.124Z] info: Connected to MongoDB
[2025-06-03T20:24:13.126Z] info: Server started on port 8080. Press Ctrl-C to finish
[2025-06-04T15:34:16.418Z] info: Connected to MongoDB
[2025-06-04T15:34:16.420Z] info: Server started on port 8080. Press Ctrl-C to finish
[2025-06-04T15:34:56.788Z] http: ::1 - - [04/Jun/2025:15:34:56 +0000] "GET /student/1000 HTTP/1.1" 200 82 "http://localhost:5175/" "Mozilla/5.0 (Macintosh; Intel Mac OS X 10_15_7) AppleWebKit/537.36 (KHTML, like Gecko) Chrome/136.0.0.0 Safari/537.36"

[2025-06-04T15:34:58.400Z] http: ::1 - - [04/Jun/2025:15:34:58 +0000] "GET /student/1000 HTTP/1.1" 200 82 "http://localhost:5175/" "Mozilla/5.0 (Macintosh; Intel Mac OS X 10_15_7) AppleWebKit/537.36 (KHTML, like Gecko) Chrome/136.0.0.0 Safari/537.36"

[2025-06-04T15:34:59.129Z] http: ::1 - - [04/Jun/2025:15:34:59 +0000] "GET /student/1000 HTTP/1.1" 200 82 "http://localhost:5175/" "Mozilla/5.0 (Macintosh; Intel Mac OS X 10_15_7) AppleWebKit/537.36 (KHTML, like Gecko) Chrome/136.0.0.0 Safari/537.36"

[2025-06-04T15:35:14.635Z] http: ::1 - - [04/Jun/2025:15:35:14 +0000] "GET /student/1000 HTTP/1.1" 200 82 "http://localhost:5175/" "Mozilla/5.0 (Macintosh; Intel Mac OS X 10_15_7) AppleWebKit/537.36 (KHTML, like Gecko) Chrome/136.0.0.0 Safari/537.36"

[2025-06-04T15:35:16.807Z] http: ::1 - - [04/Jun/2025:15:35:16 +0000] "GET /student/1000 HTTP/1.1" 200 82 "http://localhost:5175/" "Mozilla/5.0 (Macintosh; Intel Mac OS X 10_15_7) AppleWebKit/537.36 (KHTML, like Gecko) Chrome/136.0.0.0 Safari/537.36"

[2025-06-04T15:37:09.152Z] info: Connected to MongoDB
[2025-06-04T15:37:09.153Z] info: Server started on port 8080. Press Ctrl-C to finish
[2025-06-04T15:38:27.118Z] info: Connected to MongoDB
[2025-06-04T15:38:27.120Z] info: Server started on port 8080. Press Ctrl-C to finish
[2025-06-04T15:38:44.240Z] http: ::1 - - [04/Jun/2025:15:38:44 +0000] "GET /student/1000 HTTP/1.1" 200 82 "http://localhost:5175/" "Mozilla/5.0 (Macintosh; Intel Mac OS X 10_15_7) AppleWebKit/537.36 (KHTML, like Gecko) Chrome/136.0.0.0 Safari/537.36"

[2025-06-04T15:43:17.363Z] http: ::1 - - [04/Jun/2025:15:43:17 +0000] "GET /student/1000 HTTP/1.1" 304 - "http://localhost:5175/" "Mozilla/5.0 (Macintosh; Intel Mac OS X 10_15_7) AppleWebKit/537.36 (KHTML, like Gecko) Chrome/136.0.0.0 Safari/537.36"

[2025-06-04T15:43:47.058Z] http: ::1 - - [04/Jun/2025:15:43:47 +0000] "GET /student/100000001 HTTP/1.1" 200 87 "http://localhost:5175/" "Mozilla/5.0 (Macintosh; Intel Mac OS X 10_15_7) AppleWebKit/537.36 (KHTML, like Gecko) Chrome/136.0.0.0 Safari/537.36"

[2025-06-04T16:47:02.292Z] info: Connected to MongoDB
[2025-06-04T16:47:02.294Z] info: Server started on port 8080. Press Ctrl-C to finish
[2025-06-04T16:48:50.296Z] http: ::1 - - [04/Jun/2025:16:48:50 +0000] "GET /student/1000 HTTP/1.1" 304 - "http://localhost:5175/" "Mozilla/5.0 (Macintosh; Intel Mac OS X 10_15_7) AppleWebKit/537.36 (KHTML, like Gecko) Chrome/136.0.0.0 Safari/537.36"

[2025-06-04T16:50:35.716Z] info: Connected to MongoDB
[2025-06-04T16:50:35.718Z] info: Server started on port 8080. Press Ctrl-C to finish
[2025-06-04T16:51:05.283Z] http: ::1 - - [04/Jun/2025:16:51:05 +0000] "GET /student/1000 HTTP/1.1" 304 - "http://localhost:5175/" "Mozilla/5.0 (Macintosh; Intel Mac OS X 10_15_7) AppleWebKit/537.36 (KHTML, like Gecko) Chrome/136.0.0.0 Safari/537.36"

[2025-06-04T16:51:51.960Z] info: Connected to MongoDB
[2025-06-04T16:51:51.961Z] info: Server started on port 8080. Press Ctrl-C to finish
[2025-06-04T16:52:28.023Z] info: Connected to MongoDB
[2025-06-04T16:52:28.024Z] info: Server started on port 8080. Press Ctrl-C to finish
[2025-06-04T16:52:33.420Z] http: ::1 - - [04/Jun/2025:16:52:33 +0000] "GET /student/1000 HTTP/1.1" 304 - "http://localhost:5175/" "Mozilla/5.0 (Macintosh; Intel Mac OS X 10_15_7) AppleWebKit/537.36 (KHTML, like Gecko) Chrome/136.0.0.0 Safari/537.36"

[2025-06-04T16:52:48.581Z] http: ::1 - - [04/Jun/2025:16:52:48 +0000] "GET /student/1000 HTTP/1.1" 304 - "http://localhost:5175/" "Mozilla/5.0 (Macintosh; Intel Mac OS X 10_15_7) AppleWebKit/537.36 (KHTML, like Gecko) Chrome/136.0.0.0 Safari/537.36"

[2025-06-04T16:54:39.598Z] info: Connected to MongoDB
[2025-06-04T16:54:39.599Z] info: Server started on port 8080. Press Ctrl-C to finish
[2025-06-04T16:56:41.719Z] info: Connected to MongoDB
[2025-06-04T16:56:41.720Z] info: Server started on port 8080. Press Ctrl-C to finish
[2025-06-04T16:57:14.341Z] info: Connected to MongoDB
[2025-06-04T16:57:14.343Z] info: Server started on port 8080. Press Ctrl-C to finish
[2025-06-04T16:57:19.728Z] http: ::1 - - [04/Jun/2025:16:57:19 +0000] "GET /student/1000 HTTP/1.1" 304 - "http://localhost:5175/" "Mozilla/5.0 (Macintosh; Intel Mac OS X 10_15_7) AppleWebKit/537.36 (KHTML, like Gecko) Chrome/136.0.0.0 Safari/537.36"

[2025-06-04T16:57:52.546Z] info: Connected to MongoDB
[2025-06-04T16:57:52.547Z] info: Server started on port 8080. Press Ctrl-C to finish
[2025-06-04T16:57:56.263Z] http: ::1 - - [04/Jun/2025:16:57:56 +0000] "GET /student/1000 HTTP/1.1" 304 - "http://localhost:5175/" "Mozilla/5.0 (Macintosh; Intel Mac OS X 10_15_7) AppleWebKit/537.36 (KHTML, like Gecko) Chrome/136.0.0.0 Safari/537.36"

[2025-06-04T16:58:18.460Z] info: Connected to MongoDB
[2025-06-04T16:58:18.461Z] info: Server started on port 8080. Press Ctrl-C to finish
[2025-06-04T16:58:21.178Z] http: ::1 - - [04/Jun/2025:16:58:21 +0000] "GET /student/1000 HTTP/1.1" 304 - "http://localhost:5175/" "Mozilla/5.0 (Macintosh; Intel Mac OS X 10_15_7) AppleWebKit/537.36 (KHTML, like Gecko) Chrome/136.0.0.0 Safari/537.36"

[2025-06-04T16:58:21.950Z] http: ::1 - - [04/Jun/2025:16:58:21 +0000] "GET /student/1000 HTTP/1.1" 304 - "http://localhost:5175/" "Mozilla/5.0 (Macintosh; Intel Mac OS X 10_15_7) AppleWebKit/537.36 (KHTML, like Gecko) Chrome/136.0.0.0 Safari/537.36"

[2025-06-04T16:58:24.249Z] http: ::1 - - [04/Jun/2025:16:58:24 +0000] "GET /student/1000 HTTP/1.1" 304 - "http://localhost:5175/" "Mozilla/5.0 (Macintosh; Intel Mac OS X 10_15_7) AppleWebKit/537.36 (KHTML, like Gecko) Chrome/136.0.0.0 Safari/537.36"

[2025-06-06T19:11:22.745Z] http: ::1 - - [06/Jun/2025:19:11:22 +0000] "GET /student/1000 HTTP/1.1" 304 - "http://localhost:5175/" "Mozilla/5.0 (Macintosh; Intel Mac OS X 10_15_7) AppleWebKit/537.36 (KHTML, like Gecko) Chrome/136.0.0.0 Safari/537.36"

[2025-06-08T05:51:21.927Z] http: ::1 - - [08/Jun/2025:05:51:21 +0000] "GET /student/1000 HTTP/1.1" 304 - "http://localhost:5175/" "Mozilla/5.0 (Macintosh; Intel Mac OS X 10_15_7) AppleWebKit/537.36 (KHTML, like Gecko) Chrome/137.0.0.0 Safari/537.36"

[2025-06-08T05:51:23.447Z] http: ::1 - - [08/Jun/2025:05:51:23 +0000] "GET /student/1000 HTTP/1.1" 304 - "http://localhost:5175/" "Mozilla/5.0 (Macintosh; Intel Mac OS X 10_15_7) AppleWebKit/537.36 (KHTML, like Gecko) Chrome/137.0.0.0 Safari/537.36"

[2025-06-08T05:51:24.856Z] http: ::1 - - [08/Jun/2025:05:51:24 +0000] "GET /student/1000 HTTP/1.1" 304 - "http://localhost:5175/" "Mozilla/5.0 (Macintosh; Intel Mac OS X 10_15_7) AppleWebKit/537.36 (KHTML, like Gecko) Chrome/137.0.0.0 Safari/537.36"

[2025-06-08T05:51:30.327Z] http: ::1 - - [08/Jun/2025:05:51:30 +0000] "GET /student/1000 HTTP/1.1" 304 - "http://localhost:5175/" "Mozilla/5.0 (Macintosh; Intel Mac OS X 10_15_7) AppleWebKit/537.36 (KHTML, like Gecko) Chrome/137.0.0.0 Safari/537.36"

[2025-06-08T05:51:34.203Z] http: ::1 - - [08/Jun/2025:05:51:34 +0000] "GET /student/1000 HTTP/1.1" 304 - "http://localhost:5175/" "Mozilla/5.0 (Macintosh; Intel Mac OS X 10_15_7) AppleWebKit/537.36 (KHTML, like Gecko) Chrome/137.0.0.0 Safari/537.36"

